[    1673ms] TypeError: Cannot read properties of undefined (reading 'invoke')
    at invoke (http://localhost:1420/node_modules/.vite/deps/chunk-ODEGSMJD.js?v=a7e1f244:109:37)
    at $effect (http://localhost:1420/src/lib/components/RecentCollection.svelte:24:3)
    at update_reaction (http://localhost:1420/node_modules/.vite/deps/chunk-PJWLJCL6.js?v=a7e1f244:3440:18)
    at update_effect (http://localhost:1420/node_modules/.vite/deps/chunk-PJWLJCL6.js?v=a7e1f244:3578:21)
    at flush_queued_effects (http://localhost:1420/node_modules/.vite/deps/chunk-PJWLJCL6.js?v=a7e1f244:2567:7)
    at _Batch.process (http://localhost:1420/node_modules/.vite/deps/chunk-PJWLJCL6.js?v=a7e1f244:2227:7)
    at flush_effects (http://localhost:1420/node_modules/.vite/deps/chunk-PJWLJCL6.js?v=a7e1f244:2526:13)
    at _Batch.flush (http://localhost:1420/node_modules/.vite/deps/chunk-PJWLJCL6.js?v=a7e1f244:2260:7)
    at Array.<anonymous> (http://localhost:1420/node_modules/.vite/deps/chunk-PJWLJCL6.js?v=a7e1f244:2331:17)
    at run_all (http://localhost:1420/node_modules/.vite/deps/chunk-PJWLJCL6.js?v=a7e1f244:48:11)
[    1867ms] TypeError: Cannot read properties of undefined (reading 'transformCallback')
    at transformCallback (http://localhost:1420/node_modules/.vite/deps/chunk-ODEGSMJD.js?v=a7e1f244:22:37)
    at listen (http://localhost:1420/node_modules/.vite/deps/chunk-7DSC264N.js?v=a7e1f244:37:14)
    at $effect (http://localhost:1420/src/pages/main/index.svelte?t=1777541661499:89:3)
    at update_reaction (http://localhost:1420/node_modules/.vite/deps/chunk-PJWLJCL6.js?v=a7e1f244:3440:18)
    at update_effect (http://localhost:1420/node_modules/.vite/deps/chunk-PJWLJCL6.js?v=a7e1f244:3578:21)
    at flush_queued_effects (http://localhost:1420/node_modules/.vite/deps/chunk-PJWLJCL6.js?v=a7e1f244:2567:7)
    at _Batch.process (http://localhost:1420/node_modules/.vite/deps/chunk-PJWLJCL6.js?v=a7e1f244:2227:7)
    at flush_effects (http://localhost:1420/node_modules/.vite/deps/chunk-PJWLJCL6.js?v=a7e1f244:2526:13)
    at _Batch.flush (http://localhost:1420/node_modules/.vite/deps/chunk-PJWLJCL6.js?v=a7e1f244:2260:7)
    at Array.<anonymous> (http://localhost:1420/node_modules/.vite/deps/chunk-PJWLJCL6.js?v=a7e1f244:2331:17)
[    1867ms] TypeError: Cannot read properties of undefined (reading 'transformCallback')
    at transformCallback (http://localhost:1420/node_modules/.vite/deps/chunk-ODEGSMJD.js?v=a7e1f244:22:37)
    at listen (http://localhost:1420/node_modules/.vite/deps/chunk-7DSC264N.js?v=a7e1f244:37:14)
    at $effect (http://localhost:1420/src/pages/main/index.svelte?t=1777541661499:93:3)
    at update_reaction (http://localhost:1420/node_modules/.vite/deps/chunk-PJWLJCL6.js?v=a7e1f244:3440:18)
    at update_effect (http://localhost:1420/node_modules/.vite/deps/chunk-PJWLJCL6.js?v=a7e1f244:3578:21)
    at flush_queued_effects (http://localhost:1420/node_modules/.vite/deps/chunk-PJWLJCL6.js?v=a7e1f244:2567:7)
    at _Batch.process (http://localhost:1420/node_modules/.vite/deps/chunk-PJWLJCL6.js?v=a7e1f244:2227:7)
    at flush_effects (http://localhost:1420/node_modules/.vite/deps/chunk-PJWLJCL6.js?v=a7e1f244:2526:13)
    at _Batch.flush (http://localhost:1420/node_modules/.vite/deps/chunk-PJWLJCL6.js?v=a7e1f244:2260:7)
    at Array.<anonymous> (http://localhost:1420/node_modules/.vite/deps/chunk-PJWLJCL6.js?v=a7e1f244:2331:17)
[    1867ms] TypeError: Cannot read properties of undefined (reading 'invoke')
    at invoke (http://localhost:1420/node_modules/.vite/deps/chunk-ODEGSMJD.js?v=a7e1f244:109:37)
    at loadFavorites (http://localhost:1420/src/lib/components/FavoritesPreview.svelte:37:52)
    at FavoritesPreview (http://localhost:1420/src/lib/components/FavoritesPreview.svelte:83:2)
    at http://localhost:1420/node_modules/.vite/deps/chunk-U452G3DL.js?v=a7e1f244:313:58
    at update_reaction (http://localhost:1420/node_modules/.vite/deps/chunk-PJWLJCL6.js?v=a7e1f244:3440:18)
    at update_effect (http://localhost:1420/node_modules/.vite/deps/chunk-PJWLJCL6.js?v=a7e1f244:3578:21)
    at create_effect (http://localhost:1420/node_modules/.vite/deps/chunk-PJWLJCL6.js?v=a7e1f244:2929:7)
    at branch (http://localhost:1420/node_modules/.vite/deps/chunk-PJWLJCL6.js?v=a7e1f244:3105:10)
    at http://localhost:1420/node_modules/.vite/deps/chunk-U452G3DL.js?v=a7e1f244:307:17
    at update_reaction (http://localhost:1420/node_modules/.vite/deps/chunk-PJWLJCL6.js?v=a7e1f244:3440:18)
[    1867ms] TypeError: Cannot read properties of undefined (reading 'invoke')
    at invoke (http://localhost:1420/node_modules/.vite/deps/chunk-ODEGSMJD.js?v=a7e1f244:109:37)
    at loadRecent (http://localhost:1420/src/lib/components/RecentPreview.svelte:48:49)
    at $effect (http://localhost:1420/src/lib/components/RecentPreview.svelte:121:3)
    at update_reaction (http://localhost:1420/node_modules/.vite/deps/chunk-PJWLJCL6.js?v=a7e1f244:3440:18)
    at update_effect (http://localhost:1420/node_modules/.vite/deps/chunk-PJWLJCL6.js?v=a7e1f244:3578:21)
    at flush_queued_effects (http://localhost:1420/node_modules/.vite/deps/chunk-PJWLJCL6.js?v=a7e1f244:2567:7)
    at _Batch.process (http://localhost:1420/node_modules/.vite/deps/chunk-PJWLJCL6.js?v=a7e1f244:2227:7)
    at flush_effects (http://localhost:1420/node_modules/.vite/deps/chunk-PJWLJCL6.js?v=a7e1f244:2526:13)
    at _Batch.flush (http://localhost:1420/node_modules/.vite/deps/chunk-PJWLJCL6.js?v=a7e1f244:2260:7)
    at Array.<anonymous> (http://localhost:1420/node_modules/.vite/deps/chunk-PJWLJCL6.js?v=a7e1f244:2331:17)
[    1867ms] TypeError: Cannot read properties of undefined (reading 'invoke')
    at invoke (http://localhost:1420/node_modules/.vite/deps/chunk-ODEGSMJD.js?v=a7e1f244:109:37)
    at loadTodayHero (http://localhost:1420/src/pages/main/index.svelte?t=1777541661499:61:52)
    at refreshAll (http://localhost:1420/src/pages/main/index.svelte?t=1777541661499:78:34)
    at Main (http://localhost:1420/src/pages/main/index.svelte?t=1777541661499:107:2)
    at http://localhost:1420/node_modules/.vite/deps/chunk-U452G3DL.js?v=a7e1f244:313:58
    at update_reaction (http://localhost:1420/node_modules/.vite/deps/chunk-PJWLJCL6.js?v=a7e1f244:3440:18)
    at update_effect (http://localhost:1420/node_modules/.vite/deps/chunk-PJWLJCL6.js?v=a7e1f244:3578:21)
    at create_effect (http://localhost:1420/node_modules/.vite/deps/chunk-PJWLJCL6.js?v=a7e1f244:2929:7)
    at branch (http://localhost:1420/node_modules/.vite/deps/chunk-PJWLJCL6.js?v=a7e1f244:3105:10)
    at http://localhost:1420/node_modules/.vite/deps/chunk-U452G3DL.js?v=a7e1f244:307:17
